[0;34m[INFO][0m 🧪 Running quick input sanitization test...
[0;34m[INFO][0m 📍 Workspace root: /Users/danielstevens/Desktop/Quantum-workspace
[0;34m[INFO][0m 🔍 Validating input sanitization patterns...
[1;33m[WARNING][0m ⚠️  INPUT HANDLING without validation in /Users/danielstevens/Desktop/Quantum-workspace/Projects/PlannerApp/Views/Settings/SettingsView_Simple.swift:
